tech/btzstudio/family/auth/JwtAuthenticationToken.class
tech/btzstudio/family/auth/service/JwtService.class
tech/btzstudio/family/user/dto/UserResponse.class
tech/btzstudio/family/auth/service/UserSession.class
tech/btzstudio/family/auth/Mutation.class
tech/btzstudio/family/model/entity/EntityInterface.class
tech/btzstudio/family/model/entity/QRole.class
tech/btzstudio/family/auth/service/UserSessionSupplier.class
tech/btzstudio/family/user/mapping/UserResponseMapperImpl.class
tech/btzstudio/family/service/CustomUserDetailsService.class
tech/btzstudio/family/model/entity/QPermission.class
tech/btzstudio/family/auth/JwtRequestFilter.class
tech/btzstudio/family/auth/JwtAuthenticationToken$JwtAuthenticationTokenBuilder.class
tech/btzstudio/family/model/repository/CustomUserRepository.class
tech/btzstudio/family/model/repository/UserRepository.class
tech/btzstudio/family/model/entity/QUser.class
tech/btzstudio/family/model/repository/AbstractEntityRepository.class
tech/btzstudio/family/FamilyApplication.class
tech/btzstudio/family/model/entity/File$FileType.class
tech/btzstudio/family/model/entity/QFile.class
tech/btzstudio/family/model/entity/Role.class
tech/btzstudio/family/model/entity/File.class
tech/btzstudio/family/auth/service/JwtAuthenticationProvider.class
tech/btzstudio/family/user/mapping/UserResponseMapper.class
tech/btzstudio/family/auth/Query.class
tech/btzstudio/family/model/entity/User.class
tech/btzstudio/family/user/service/UserService.class
tech/btzstudio/family/config/WebSecurityConfig.class
tech/btzstudio/family/user/dto/RoleResponse.class
tech/btzstudio/family/model/entity/Permission.class
tech/btzstudio/family/auth/dto/AuthResponse.class
