/app/target/generated-sources/java/tech/btzstudio/family/model/entity/QUser.java
/app/src/main/java/tech/btzstudio/family/auth/service/JwtAuthenticationProvider.java
/app/src/main/java/tech/btzstudio/family/auth/JwtAuthenticationToken.java
/app/src/main/java/tech/btzstudio/family/model/entity/Permission.java
/app/src/main/java/tech/btzstudio/family/model/entity/File.java
/app/src/main/java/tech/btzstudio/family/user/service/UserService.java
/app/target/generated-sources/java/tech/btzstudio/family/model/entity/QPermission.java
/app/src/main/java/tech/btzstudio/family/model/entity/EntityInterface.java
/app/src/main/java/tech/btzstudio/family/model/repository/UserRepository.java
/app/src/main/java/tech/btzstudio/family/auth/JwtRequestFilter.java
/app/src/main/java/tech/btzstudio/family/auth/Query.java
/app/src/main/java/tech/btzstudio/family/config/WebSecurityConfig.java
/app/src/main/java/tech/btzstudio/family/auth/dto/AuthResponse.java
/app/target/generated-sources/java/tech/btzstudio/family/model/entity/QRole.java
/app/src/main/java/tech/btzstudio/family/auth/service/UserSession.java
/app/src/main/java/tech/btzstudio/family/user/dto/UserResponse.java
/app/target/generated-sources/java/tech/btzstudio/family/model/entity/QFile.java
/app/src/main/java/tech/btzstudio/family/model/repository/AbstractEntityRepository.java
/app/src/main/java/tech/btzstudio/family/model/entity/Role.java
/app/src/main/java/tech/btzstudio/family/model/entity/User.java
/app/src/main/java/tech/btzstudio/family/user/dto/RoleResponse.java
/app/src/main/java/tech/btzstudio/family/auth/service/UserSessionSupplier.java
/app/src/main/java/tech/btzstudio/family/auth/service/JwtService.java
/app/src/main/java/tech/btzstudio/family/user/package-info.java
/app/src/main/java/tech/btzstudio/family/FamilyApplication.java
/app/src/main/java/tech/btzstudio/family/auth/Mutation.java
/app/src/main/java/tech/btzstudio/family/service/CustomUserDetailsService.java
/app/src/main/java/tech/btzstudio/family/user/mapping/UserResponseMapper.java
/app/src/main/java/tech/btzstudio/family/model/repository/CustomUserRepository.java
